>*MEG_1000|Drugs|Aminoglycosides|Aminoglycoside_O-nucleotidyltransferases|ANT6
ATGAGATCAGAAAAAGAAATGATGGATTTAGTACTTTCTTTAGCAGAACAGGATGAACGTATTCGAATTGTGACCCTTGA
GGGGTCACGCGCAAATATTAATATACCTAAAGATGAATTTCAGGATTATGATATTACATATTTTGTAAGTGATATAGAAC
CGTTTATATCTAATGATGACTGGCTTAATCAATTTGGGAATATAATAATGATGCAAAAGCCGGAGGATATGGAATTATTC
CCACCTGAAGAAAAGGGATTTTCCTATCTTATGCTATTTGATGATTACAATAAAATTGATCTTACCTTATTGCCCTTGGA
AGAGTTAGATAATTACCTAAAGGGCGATAAATTAATAAAGGTTCTAATTGATAAAGATTGTAGAATTAAAAGGGACATAG
TTCCGACTGATATAGATTATCATGTAAGAAAGCCAAGCGCAAGGGAGTATGATGATTGCTGCAATGAATTTTGGAATGTA
ACACCTTATGTTATTAAAGGATTGTGCCGCAAAGAGATACTGTTTGCAATCGATCATCTGAACCAGATTCTACGGTTTGA
ACTACTTAGGATGATGTCGTGGAAGGTTGGGATAAAGACAGAATTTTCATTAAGTGTTGGGAAAAATTATAAGTATATTA
ACAAATACATTGATGAAGATCTATGGAATAGATTATTATCTACATATCGCATGGATTCCTATGAAAATATTTGGAAGTCA
TTATTTATATGCCACCAATTGTTCAGGGAAGTGTCCAAAGAGGTAGCAGAACTACTGGGGTTTGATTATCCAGAGTATGG
TAAGAACATAACAAGATATACCGAGGACATGTATAAAAAATATGTTGAAAATGACTATTTTTAA
>consensus
AGMAMAGCAMAAAAAMAAAGMAGMMAGGGAMGACGGGCGGGAMCAMAACAMMAGMAACMGAGGCMAAGGMGMACCCGGMA
MMMMGCACMCMCAAAGAGGAAGAGACCGAAAMAGMAAGGGCAMMAGGAGMAGAGGACAGAGGGGMGAAMGMAGAGAMAAC
CMGGGAGAGCGAAGMAGMACGMMCGGAAGCAAGGGMMMAAGAGAAGAAGMAGMCAAAAMCCMMAMMAGAGMMAAGGAGGC
CCACCGMAAMAAAAMMMAGGGGCCGAGCGGAGMCGAGGGMAGMAGGACAAGAAAAGGMAGCGGACCGGAGGMCCCGGMMA
AMAMGGAMAGAAGGACCGAAAMMMCMAGAAAGGAAGAAAMMGGCGAAGGMAGAAAMAGGMGAMAAGGAAAAMMMACAGAM
GGCCMACGMAGAGAMAGGAGCAGMGAAMAAAMCCAAMCMCAAMMMAMGAGMAGMAGGMCGMCAAGMAAGGGGMMAAGMGA
ACACCGGAGMGGAGGAAAMMAGGMGMCCMCAAAMAMAGACGMGGGMCAAGCMAGCAGCGMAACCAMAGGCGACMMGGGMA
ACGACGGAMMAGMAGMGCMGMMAAMMGGMMMAGAAAMACAMAAGGGGCAGGAAMGMGGMMMAAAAAGGAGAAMGAGAGGA
ACAAAGACAGGMAGMAAMAGCGAGMMAAGAMAGGAGGAGCGACAGAGCMCAGMMAGGCCGAGMAAAAGAGGGMMAAMGCA
GGAGGGAGAGMCCACCAAGGMGGCAMMMAAMGMGCCAAAMAMMGAMCAMAACGACGMMMMGGGMAGGAGCCAMAMGAGMM
GAAMAACAGAACAAMAGAGACCMAMMACAGMGAGAAAAAAGAGMGGMAAAAGMACGAGGGGGAA

